Usage: vcpe <command> [flags]

Commands:
  init      Initialize the vCPE state root
  build     Build or pull service images from a manifest
  push      Push service images from a manifest to their registries
  stamp     Pin image tags in one or more manifest files without touching git
  release   Commit, tag, push git, then build and push images for pre-stamped manifests
  up        Bring up a deployment from a manifest
  plan      Show planned changes without applying
  down      Tear down a named deployment
  list      List known deployments
  manifest  Manage and discover manifest files
  service   Inspect registered service types
  status    Show control-plane status
  diagnose  Diagnose CPE, Talaria, Parodus, Argus webhook, or callback paths
  logs      Show operation timeline and deployment logs
  config    Show effective configuration
  state     Manage persisted control-plane state
  version   Print the vcpe version

Aliases:
  apply    alias for up
  destroy  alias for down (also requires --force)
  diag     alias for diagnose

Global flags:
  --state-root <path>  Override state root directory
  --config <path>      Config file path
  --socket <path>      Daemon socket path

Run `vcpe <command> --help` for command-specific help.
