Usage: vcpe push --manifest <path> [flags]

Pushes all service images referenced in the manifest to their registries. The registry is derived from each service's image repository. Run `podman login <registry>` before pushing to authenticated registries.

Required flags:
  --manifest <path>       Path to deployment manifest YAML

Optional flags:
  --backend <podman|docker>  Container runtime for push operations (default: podman). With --backend docker, this is a re-push; multi-arch images are already pushed during `vcpe build --backend docker`.
  --state-root <path>     Override the default state root directory

Examples:
  vcpe push --manifest ./manifest-bng-7.yaml
  vcpe push --manifest ./manifest-bng-7.yaml --backend docker
