Usage: vcpe state <subcommand> [flags]

Provides subcommands for inspecting or resetting persisted state. `state reset` first garbage-collects every manager-owned wireless radio, then clears and re-stamps state; cleanup failure preserves state for recovery.

Optional flags:
  --state-root <path>     Override the default state root directory

Examples:
  vcpe state reset
