Webhook diagnostic: edge/event-sink[0] -> webpa

[event-sink subscriber] --PASSED--> [Registration intent]  read registration intent
[Registration intent] --PASSED--> [Argus]  reach Argus
[Argus] --PASSED--> [Argus]  authenticate to Argus
[Argus] --PASSED--> [Webhook registration]  find one registration
[Webhook registration] --PASSED--> [Webhook registration]  verify registration freshness
[Webhook registration] --PASSED--> [Callback endpoint]  compare registration intent
[Callback endpoint] --PASSED--> [Callback endpoint]  resolve callback endpoint
[Callback endpoint] --PASSED--> [Callback endpoint]  connect to callback endpoint
[Callback endpoint] --FAILED--> [Callback endpoint]  validate callback signature and acceptance
[Caduceus] --SKIPPED--> [Caduceus]  accept synthetic event
[Caduceus] --SKIPPED--> [event-sink subscriber]  receive Caduceus callback

First failure: callback-acceptance - callback rejected the diagnostic marker
Reason: callback-rejected
Remediation: check-callback-signature
Evidence: http-status=401
Evidence: correlation-state=rejected